// Jest Snapshot v1, https://goo.gl/fbAQLP

exports[`greeting 1`] = `
<div
  style={
    Object {
      "margin": "0 auto",
      "maxWidth": "400px",
    }
  }
>
  <header
    className="MuiPaper-root MuiAppBar-root MuiAppBar-positionFixed MuiAppBar-colorPrimary mui-fixed MuiPaper-elevation4"
  >
    <div
      className="MuiToolbar-root MuiToolbar-regular MuiToolbar-gutters"
    >
      <h6
        className="MuiTypography-root MuiTypography-h6"
        style={
          Object {
            "marginLeft": "10px",
          }
        }
      >
        test
      </h6>
      <div
        style={
          Object {
            "marginLeft": "auto",
            "marginRight": "0px",
          }
        }
      />
    </div>
  </header>
  <div
    style={
      Object {
        "marginLeft": "10px",
        "marginRight": "10px",
        "marginTop": "80px",
      }
    }
  />
</div>
`;
